// Jest Snapshot v1, https://goo.gl/fbAQLP

exports[`<Submenu /> should render correctly 1`] = `
<div
  className="submenu"
>
  <div
    className="submenu__actions"
  >
    <ul>
      <li>
        <Link
          className="submenu__action"
          replace={false}
          to="/projects"
        >
          <i
            aria-hidden="true"
            className="fa fa-list"
          />
           Project Directory
        </Link>
      </li>
    </ul>
  </div>
</div>
`;
