// Jest Snapshot v1, https://goo.gl/fbAQLP

exports[`<Home /> should render correctly 1`] = `
<div
  className="content"
>
  <div
    className="row"
  >
    <div
      className="column"
    >
      <h2
        className="card-title"
      >
        Quick Actions
      </h2>
      <div
        className="card"
      >
        <ul
          className="quick-actions"
        >
          <li>
            <Link
              replace={false}
              to="/projects"
            >
              <i
                aria-hidden="true"
                className="fa fa-building"
              />
               View Projects
            </Link>
          </li>
          <li>
            <Link
              replace={false}
              to="/clients"
            >
              <i
                aria-hidden="true"
                className="fa fa-address-card"
              />
               View Clients
            </Link>
          </li>
        </ul>
      </div>
    </div>
  </div>
</div>
`;
