// Jest Snapshot v1, https://goo.gl/fbAQLP

exports[`<Home /> should render correctly 1`] = `
<div
  className="content"
>
  <div
    className="row"
  >
    <div
      className="column"
    >
      <h2
        className="card-title"
      >
        Quick Actions
      </h2>
      <div
        className="card"
      >
        Content to be determined
      </div>
    </div>
  </div>
  <div
    className="row"
  >
    <div
      className="md-6 column"
    >
      <h2
        className="card-title"
      >
        Projects Summary
      </h2>
      <div
        className="card"
      >
        Content to be determined
      </div>
    </div>
    <div
      className="md-6 column"
    >
      <h2
        className="card-title"
      >
        Clients Summary
      </h2>
      <div
        className="card"
      >
        Content to be determined
      </div>
    </div>
  </div>
</div>
`;
