// Jest Snapshot v1, https://goo.gl/fbAQLP

exports[`<App /> should render correctly 1`] = `
<div
  className="app"
>
  <ToastContainer
    autoClose={3000}
    bodyClassName=""
    className={null}
    closeButton={<DefaultCloseButton />}
    closeOnClick={true}
    hideProgressBar={true}
    newestOnTop={true}
    pauseOnHover={true}
    position="top-right"
    progressClassName=""
    style={null}
    toastClassName=""
    transition={[Function]}
    type="success"
  />
  <Switch>
    <Route
      path="/login"
      render={[Function]}
    />
    <Route
      render={[Function]}
    />
  </Switch>
</div>
`;
