// Jest Snapshot v1, https://goo.gl/fbAQLP

exports[`<Stats /> should render correctly 1`] = `
<div>
  <Submenu
    activeSubtab={1}
  />
  <Switch>
    <Route
      exact={true}
      path="/stats"
      render={[Function]}
    />
    <Route
      path="/stats/type"
      render={[Function]}
    />
    <Route
      path="/stats/salesmen"
      render={[Function]}
    />
    <Route
      path="/stats/referral"
      render={[Function]}
    />
  </Switch>
</div>
`;
